{"timestamp": "2026-04-07T00:59:49.001493+00:00", "level": "INFO", "message": "FraudGuard logging initialized", "module": "logging_config", "log_file": "/media/kautilya-singh/New Volume/M.tech/Projects/SPE_Project/fraudguard-devops/tests/../app/logs/fraud.log"}
{"timestamp": "2026-04-07T00:59:49.175553+00:00", "level": "ERROR", "message": "Prediction failed: model not loaded", "module": "main", "transaction_id": "fc9c4543-c73e-45d0-923b-ffcaacb950b4", "client_ip": "testclient"}
{"timestamp": "2026-04-07T00:59:49.191661+00:00", "level": "ERROR", "message": "Prediction failed: model not loaded", "module": "main", "transaction_id": "2d88abcd-fc3f-4cbf-b761-8f3c985779ab", "client_ip": "testclient"}
{"timestamp": "2026-04-07T00:59:49.207987+00:00", "level": "ERROR", "message": "Prediction failed: model not loaded", "module": "main", "transaction_id": "a28efcd0-3fb5-4253-831d-a2c2eea79dc3", "client_ip": "testclient"}
{"timestamp": "2026-04-07T00:59:49.253354+00:00", "level": "ERROR", "message": "Prediction failed: model not loaded", "module": "main", "transaction_id": "b92288dc-daa8-4b50-805a-99597557bed2", "client_ip": "testclient"}
{"timestamp": "2026-04-07T00:59:49.273505+00:00", "level": "ERROR", "message": "Prediction failed: model not loaded", "module": "main", "transaction_id": "d544cd40-23f3-45f6-af2d-9bdc5c33ae52", "client_ip": "testclient"}
{"timestamp": "2026-04-07T00:59:49.293343+00:00", "level": "ERROR", "message": "Prediction failed: model not loaded", "module": "main", "transaction_id": "06dbd2f5-ecb7-4a73-b3af-9a72c1707162", "client_ip": "testclient"}
{"timestamp": "2026-04-07T00:59:49.311809+00:00", "level": "ERROR", "message": "Prediction failed: model not loaded", "module": "main", "transaction_id": "e72e76f9-4723-4686-97d4-18b4e250f084", "client_ip": "testclient"}
{"timestamp": "2026-04-07T01:00:56.835135+00:00", "level": "INFO", "message": "FraudGuard logging initialized", "module": "logging_config", "log_file": "/media/kautilya-singh/New Volume/M.tech/Projects/SPE_Project/fraudguard-devops/app/logs/fraud.log"}
{"timestamp": "2026-04-07T01:06:45.615263+00:00", "level": "INFO", "message": "FraudGuard logging initialized", "module": "logging_config", "log_file": "/media/kautilya-singh/New Volume/M.tech/Projects/SPE_Project/fraudguard-devops/tests/../app/logs/fraud.log"}
{"timestamp": "2026-04-07T01:06:46.645434+00:00", "level": "INFO", "message": "Model loaded successfully", "module": "model", "model_path": "/media/kautilya-singh/New Volume/M.tech/Projects/SPE_Project/fraudguard-devops/tests/../app/model.pkl", "feature_count": 48}
{"timestamp": "2026-04-07T01:06:46.753876+00:00", "level": "WARNING", "message": "Low-confidence prediction: fraudulent (score=0.5088)", "module": "main", "transaction_id": "3f2a51fd-36c5-44af-a839-766b31eb29e8", "prediction": 1, "confidence_score": 0.5088, "processing_time_ms": 87.13, "client_ip": "testclient", "label": "fraudulent"}
{"timestamp": "2026-04-07T01:06:46.840461+00:00", "level": "WARNING", "message": "Low-confidence prediction: fraudulent (score=0.5088)", "module": "main", "transaction_id": "e20d2840-ae14-4cc5-bf7d-feb5948ed29f", "prediction": 1, "confidence_score": 0.5088, "processing_time_ms": 76.12, "client_ip": "testclient", "label": "fraudulent"}
{"timestamp": "2026-04-07T01:06:46.970421+00:00", "level": "INFO", "message": "Prediction: legitimate (score=0.7917, time=116.15ms)", "module": "main", "transaction_id": "c8448a92-c1f9-4fa8-b198-2dcd8f356223", "prediction": 0, "confidence_score": 0.7917, "processing_time_ms": 116.15, "client_ip": "testclient", "label": "legitimate"}
{"timestamp": "2026-04-07T01:06:47.066395+00:00", "level": "WARNING", "message": "Low-confidence prediction: fraudulent (score=0.5088)", "module": "main", "transaction_id": "233cb602-00b0-4135-8209-db458d78490c", "prediction": 1, "confidence_score": 0.5088, "processing_time_ms": 76.53, "client_ip": "testclient", "label": "fraudulent"}
{"timestamp": "2026-04-07T01:06:47.158176+00:00", "level": "INFO", "message": "Prediction: legitimate (score=0.7917, time=79.35ms)", "module": "main", "transaction_id": "99faa537-578c-4a46-b091-76e2a92cd5ce", "prediction": 0, "confidence_score": 0.7917, "processing_time_ms": 79.35, "client_ip": "testclient", "label": "legitimate"}
{"timestamp": "2026-04-07T01:06:47.256968+00:00", "level": "INFO", "message": "Prediction: legitimate (score=0.7917, time=90.41ms)", "module": "main", "transaction_id": "0b40ae55-33a9-4ca0-beb6-e3431bb5ccdb", "prediction": 0, "confidence_score": 0.7917, "processing_time_ms": 90.41, "client_ip": "testclient", "label": "legitimate"}
{"timestamp": "2026-04-07T01:06:47.359921+00:00", "level": "INFO", "message": "Prediction: legitimate (score=0.7917, time=90.44ms)", "module": "main", "transaction_id": "4488c0f0-eead-4499-8a21-a99ff77d6fb0", "prediction": 0, "confidence_score": 0.7917, "processing_time_ms": 90.44, "client_ip": "testclient", "label": "legitimate"}
{"timestamp": "2026-04-07T01:07:15.045767+00:00", "level": "INFO", "message": "FraudGuard logging initialized", "module": "logging_config", "log_file": "/media/kautilya-singh/New Volume/M.tech/Projects/SPE_Project/fraudguard-devops/tests/../app/logs/fraud.log"}
{"timestamp": "2026-04-07T01:07:16.034343+00:00", "level": "INFO", "message": "Model loaded successfully", "module": "model", "model_path": "/media/kautilya-singh/New Volume/M.tech/Projects/SPE_Project/fraudguard-devops/tests/../app/model.pkl", "feature_count": 48}
{"timestamp": "2026-04-07T01:07:16.190161+00:00", "level": "WARNING", "message": "Low-confidence prediction: fraudulent (score=0.5088)", "module": "main", "transaction_id": "59ae7d17-926b-45c3-bb26-56a5d3638f97", "prediction": 1, "confidence_score": 0.5088, "processing_time_ms": 132.75, "client_ip": "testclient", "label": "fraudulent"}
{"timestamp": "2026-04-07T01:07:16.273892+00:00", "level": "WARNING", "message": "Low-confidence prediction: fraudulent (score=0.5088)", "module": "main", "transaction_id": "229447b2-3b9a-42bb-8d91-029b87d4c44b", "prediction": 1, "confidence_score": 0.5088, "processing_time_ms": 71.79, "client_ip": "testclient", "label": "fraudulent"}
{"timestamp": "2026-04-07T01:07:16.370590+00:00", "level": "INFO", "message": "Prediction: legitimate (score=0.7917, time=86.64ms)", "module": "main", "transaction_id": "390bc96c-1725-4cf2-af30-e3c05fae84a2", "prediction": 0, "confidence_score": 0.7917, "processing_time_ms": 86.64, "client_ip": "testclient", "label": "legitimate"}
{"timestamp": "2026-04-07T01:07:16.462801+00:00", "level": "WARNING", "message": "Low-confidence prediction: fraudulent (score=0.5088)", "module": "main", "transaction_id": "7e36a3c4-228c-4760-9c9c-1d15f66b844d", "prediction": 1, "confidence_score": 0.5088, "processing_time_ms": 72.87, "client_ip": "testclient", "label": "fraudulent"}
{"timestamp": "2026-04-07T01:07:16.583904+00:00", "level": "INFO", "message": "Prediction: legitimate (score=0.7917, time=109.78ms)", "module": "main", "transaction_id": "e640bb97-da71-4df7-8cc0-c6eae4b963f3", "prediction": 0, "confidence_score": 0.7917, "processing_time_ms": 109.78, "client_ip": "testclient", "label": "legitimate"}
{"timestamp": "2026-04-07T01:07:16.663473+00:00", "level": "INFO", "message": "Prediction: legitimate (score=0.7917, time=67.83ms)", "module": "main", "transaction_id": "86f3c963-8a4d-49a3-8cbd-eb7eae0ee594", "prediction": 0, "confidence_score": 0.7917, "processing_time_ms": 67.83, "client_ip": "testclient", "label": "legitimate"}
{"timestamp": "2026-04-07T01:07:16.787506+00:00", "level": "INFO", "message": "Prediction: legitimate (score=0.7917, time=112.39ms)", "module": "main", "transaction_id": "ae9e5dc4-bad0-49df-858f-c4a49728afcc", "prediction": 0, "confidence_score": 0.7917, "processing_time_ms": 112.39, "client_ip": "testclient", "label": "legitimate"}
